Full name: Tests, Version=1.0.0.0, Culture=neutral, PublicKeyToken=null
Image runtime version: v4.0.30319
abstract class Tests.Abstract
{
}
[Flags]
enum Tests.BigFlags : int
{
    V0 = 1
    V1 = 16
    V2 = 256
    V3 = 4096
}
enum Tests.Byte : byte
{
}
enum Tests.Default : int
{
}
class Tests.DeriveAndImpl : Tests.Impl, Tests.IUsual
{
    constructor();
}
class Tests.Derived : Tests.Abstract
{
    constructor();
}
class Tests.DeriveLong : Tests.Generic<System.Collections.Generic.List<System.Collections.Generic.List<System.Collections.Generic.List<System.Collections.Generic.List<System.Collections.Generic.List<System.Collections.Generic.List<System.Collections.Generic.List<System.Collections.Generic.List<int>>>>>>>>>
{
    constructor();
}
[Flags]
enum Tests.Flags : int
{
}
virtual class Tests.Generic<T>
{
    constructor();
}
delegate T1 Tests.GenericArgsAndReturnValue<out T1, in T2>(T2 a1 = default(T2));
delegate void Tests.GenericConstraints<T>()
    where T : Abstract, new();
struct Tests.GenericImplGeneric<T> : IGeneric<T>
{
}
class Tests.GenericWithConstraint<T>
    where T : IUsual
{
    constructor();
}
interface Tests.IContravariant<in T>
{
}
interface Tests.ICovariant<out T>
{
}
interface Tests.IDerived : Tests.IUsual
{
}
interface Tests.IGeneric<T>
{
}
interface Tests.IGenericWithConstraint<T>
    where T : IUsual
{
}
interface Tests.IIndirectDerive : Tests.IDerived, Tests.IUsual
{
    void F();
}
interface Tests.IM
{
    int P1 { get; }
    int P2 { get; set; }
    int P3 { set; }
    void M1();
    void M2(int a1);
    void M3(int a1, int a2);
    int M4();
    int M5<T>();
    int M6<T>()
        where T : IUsual;
}
virtual class Tests.Impl : Tests.IUsual
{
    constructor();
}
class Tests.ImplAndDeriveLong : Tests.Generic<System.Collections.Generic.List<System.Collections.Generic.List<System.Collections.Generic.List<System.Collections.Generic.List<System.Collections.Generic.List<System.Collections.Generic.List<System.Collections.Generic.List<System.Collections.Generic.List<int>>>>>>>>>, Tests.IGeneric<System.Collections.Generic.List<System.Collections.Generic.List<System.Collections.Generic.List<System.Collections.Generic.List<System.Collections.Generic.List<System.Collections.Generic.List<System.Collections.Generic.List<System.Collections.Generic.List<int>>>>>>>>>
{
    constructor();
}
struct Tests.ImplGeneric : Tests.IGeneric<int>
{
}
class Tests.ImplLong : Tests.IGeneric<System.Collections.Generic.List<System.Collections.Generic.List<System.Collections.Generic.List<System.Collections.Generic.List<System.Collections.Generic.List<System.Collections.Generic.List<System.Collections.Generic.List<System.Collections.Generic.List<int>>>>>>>>>
{
    constructor();
}
interface Tests.IMultiDerived : Tests.IDerived, Tests.IGeneric<int>, Tests.IUsual
{
}
class Tests.IndirectImpl : Tests.Impl, Tests.IUsual
{
    constructor();
}
struct Tests.InheritConstraint<T> : IGenericWithConstraint<T>
    where T : IUsual
{
}
interface Tests.IUsual
{
}
abstract class Tests.M
{
    int F1;
    readonly int F2;
    int F3;
    static int F4;
    const int X1;
    const string X2;
    const string X3;
    const double X4;
    const double X5;
    string this[int index] { get; set; }
    protected string this[string index] { get; set; }
    string this[double index] { get; set; }
    string this[double index, int arg2] { get; set; }
    string this[byte i] { protected get; set; }
    string this[short i] { set; }
    string this[ushort i] { get; }
    int P1 { get; }
    int P10 { protected get; }
    int P11 { get; }
    int P12 { get; }
    int P13 { get; }
    int P2 { get; set; }
    int P3 { get; protected set; }
    int P4 { get; }
    int P5 { set; }
    int P6 { protected get; set; }
    protected int P7 { get; }
    protected int P8 { get; set; }
    int P9 { protected set; }
    constructor(int a1);
    abstract void M1();
    protected abstract void M10(int a1);
    protected abstract void M11(int a1, int a2);
    protected abstract int M12();
    protected abstract int M13<T>();
    protected abstract int M14<T>()
        where T : IUsual;
    protected virtual void M15();
    protected void M16();
    abstract void M17(ref int a1, out int a2);
    void M18();
    abstract int M19<T>();
    abstract void M2(int a1);
    abstract int M20<T>()
        where T : struct;
    abstract int M21<T>();
    abstract int M22<TLongLongLongLongLongArg1, TLongLongLongLongLongArg2, TLongLongLongLongLongArg3>();
    abstract int M23<TLongLongLongLongLongArg1, TLongLongLongLongLongArg2, TLongLongLongLongLongArg3>(TLongLongLongLongLongArg1 a1, TLongLongLongLongLongArg2 a2, TLongLongLongLongLongArg3 a3);
    abstract int M24(Dictionary<string, List<Uri>> anotherLongName, string longLongLongName, string notLongEnough);
    abstract int M25(string arg = default(string));
    abstract int M26(params string[] arg);
    abstract int M27<TLongLongLongLongLongArg1, TLongLongLongLongLongArg2, TLongLongLongLongLongArg3>()
        where TLongLongLongLongLongArg1 : ICloneable;
    abstract void M28(ref int longLongLongLongLongLongLongLongArg1, out int longLongLongLongLongLongLongLongArg2);
    abstract int M28<T>()
        where T : class, IGeneric<int>, new();
    abstract int M29(int a1, int a2, string longLongLongLongLongLongLongLongArg1 = default(string));
    abstract void M3(int a1, int a2);
    abstract int M4();
    abstract int M5<T>();
    abstract int M6<T>()
        where T : IUsual;
    virtual void M7();
    void M8();
    protected abstract void M9();
    event EventHandler E1;
    event EventHandler<NetworkAvailabilityEventArgs> E2;
    event Action E3;
}
class Tests.M+NestedPublic
{
    constructor();
}
abstract class Tests.MM : Tests.M
{
    int F1;
    readonly int F2;
    int F3;
    string this[double index] { get; set; }
    int P11 { get; }
    int P12 { get; }
    virtual void M1();
    event EventHandler E1;
    event EventHandler<NetworkAvailabilityEventArgs> E2;
    event Action E3;
}
virtual class Tests.NonSealed
{
    constructor();
}
delegate void Tests.OutAndRefAndParams(out int a1, ref string a2, params object[] a3);
delegate int Tests.ReturnValueAndArg(int a1, int opt = 0);
delegate void Tests.SampleDelegate();
class Tests.Sealed
{
    constructor();
}
enum Tests.Seq : int
{
    V0 = 0
    V1 = 1
    V2 = 2
}
enum Tests.Short : short
{
}
abstract class Tests.Static
{
}
struct Tests.Struct
{
}
struct Tests.StructContainer : Tests.IDerived, Tests.IIndirectDerive, Tests.IUsual
{
    int F1;
    readonly int F2;
    static int F4;
    const int X1;
    string this[int index] { get; set; }
    string this[float index] { set; }
    string this[sbyte index] { get; }
    string this[double index] { set; }
    string this[byte index] { get; }
    int P1 { get; }
    int P13 { get; }
    int P2 { get; set; }
    int P4 { get; }
    int P5 { set; }
    constructor(int a1);
    virtual void F();
    void M1();
    void M18();
    void M2(int a1);
    void M3(int a1, int a2);
    int M4();
    int M5<T>();
    int M6<T>()
        where T : IUsual;
    virtual string ToString();
}
struct Tests.StructImpl : Tests.IUsual
{
}
class Tests.Tests
{
    constructor();
    void All();
}
enum Tests.ULong : ulong
{
}
